// Jest Snapshot v1, https://goo.gl/fbAQLP

exports[`SunburstBundle should render correctly 1`] = `
<Fragment>
  <select
    className="subsLimitSelect"
    onChange={[Function]}
    onClick={[Function]}
    value={10}
  >
    <option
      selected={false}
      value={1}
    >
      1
    </option>
    <option
      selected={false}
      value={2}
    >
      2
    </option>
    <option
      selected={false}
      value={3}
    >
      3
    </option>
    <option
      selected={false}
      value={4}
    >
      4
    </option>
    <option
      selected={false}
      value={5}
    >
      5
    </option>
    <option
      selected={false}
      value={6}
    >
      6
    </option>
    <option
      selected={false}
      value={7}
    >
      7
    </option>
    <option
      selected={false}
      value={8}
    >
      8
    </option>
    <option
      selected={false}
      value={9}
    >
      9
    </option>
    <option
      selected={true}
      value={10}
    >
      10
    </option>
    }
  </select>
  <div
    className="text-center"
    id="sunburstBundle"
  >
    <svg
      height={100}
      onClick={[Function]}
      width={100}
    >
      <g
        transform="translate(50,50)"
      >
        <Sunburst
          data={[Function]}
          diameter={100}
          updateToolTip={[Function]}
        />
        <Bundle
          data={[Function]}
          diameter={100}
          selectProduct={[MockFunction]}
          selectedProduct={null}
          subsLimit={10}
        />
      </g>
    </svg>
  </div>
</Fragment>
`;
