// Jest Snapshot v1, https://goo.gl/fbAQLP

exports[`CompetitionDraw should render correctly 1`] = `
<ContextProvider
  value={null}
>
  <CompetitionDraw
    competitionData={
      Object {
        "id": 1,
      }
    }
    draw={
      Object {
        "eightLeft": Array [
          Object {
            "date": "2009-10-26T00:00:00",
            "goalsLocal": 0,
            "goalsVisitor": 0,
            "localTeam": Object {
              "city": null,
              "id": 4,
              "name": "Valencia C.F",
              "pictureLogo": Object {
                "base64String": null,
                "bytes": null,
                "containerReference": "mycontainer",
                "fileName": "ab79f4b3-4d2d-4380-9596-2f7bd3f9012e-test.png",
                "id": 0,
                "url": "https://pititest.blob.core.windows.net/mycontainer/ab79f4b3-4d2d-4380-9596-2f7bd3f9012e-test.png",
              },
              "playerList": null,
              "stadium": null,
            },
            "matchId": 764,
            "stadium": Object {
              "address": null,
              "capacity": 0,
              "id": 1,
              "name": "Estadio de Riazor",
            },
            "visitorTeam": Object {
              "city": null,
              "id": 9,
              "name": "Almeria",
              "pictureLogo": Object {
                "base64String": null,
                "bytes": null,
                "containerReference": "mycontainer",
                "fileName": "1720.jpg",
                "id": 0,
                "url": "https://pititest.blob.core.windows.net/mycontainer/1720.jpg",
              },
              "playerList": null,
              "stadium": null,
            },
          },
          Object {
            "date": "2009-07-02T00:00:00",
            "goalsLocal": 1,
            "goalsVisitor": 0,
            "localTeam": Object {
              "city": null,
              "id": 7,
              "name": "Málaga",
              "pictureLogo": Object {
                "base64String": null,
                "bytes": null,
                "containerReference": "mycontainer",
                "fileName": "5915d799-b58a-4ef6-87a0-cf45ed2cbe87-test.png",
                "id": 0,
                "url": "https://pititest.blob.core.windows.net/mycontainer/5915d799-b58a-4ef6-87a0-cf45ed2cbe87-test.png",
              },
              "playerList": null,
              "stadium": null,
            },
            "matchId": 767,
            "stadium": Object {
              "address": null,
              "capacity": 0,
              "id": 1,
              "name": "Estadio de Riazor",
            },
            "visitorTeam": Object {
              "city": null,
              "id": 14,
              "name": "Osasuna",
              "pictureLogo": Object {
                "base64String": null,
                "bytes": null,
                "containerReference": "mycontainer",
                "fileName": "46be640c-1bdc-4472-a6dc-ebfc5df9687a-211.jpg",
                "id": 0,
                "url": "https://pititest.blob.core.windows.net/mycontainer/46be640c-1bdc-4472-a6dc-ebfc5df9687a-211.jpg",
              },
              "playerList": null,
              "stadium": null,
            },
          },
          Object {
            "date": "2009-06-02T00:00:00",
            "goalsLocal": 3,
            "goalsVisitor": 1,
            "localTeam": Object {
              "city": null,
              "id": 6,
              "name": "Atlético de Madrid",
              "pictureLogo": Object {
                "base64String": null,
                "bytes": null,
                "containerReference": "mycontainer",
                "fileName": "2cd85554-3d56-4ade-824f-d6718dd0a057-test.png",
                "id": 0,
                "url": "https://pititest.blob.core.windows.net/mycontainer/2cd85554-3d56-4ade-824f-d6718dd0a057-test.png",
              },
              "playerList": null,
              "stadium": null,
            },
            "matchId": 766,
            "stadium": Object {
              "address": null,
              "capacity": 0,
              "id": 1,
              "name": "Estadio de Riazor",
            },
            "visitorTeam": Object {
              "city": null,
              "id": 11,
              "name": "Sporting de Gijón",
              "pictureLogo": Object {
                "base64String": null,
                "bytes": null,
                "containerReference": "mycontainer",
                "fileName": "df217d75-e06a-4b7f-8089-4c49eb307c0d-test.png",
                "id": 0,
                "url": "https://pititest.blob.core.windows.net/mycontainer/df217d75-e06a-4b7f-8089-4c49eb307c0d-test.png",
              },
              "playerList": null,
              "stadium": null,
            },
          },
          Object {
            "date": "2009-07-22T00:00:00",
            "goalsLocal": 2,
            "goalsVisitor": 1,
            "localTeam": Object {
              "city": null,
              "id": 8,
              "name": "Athletic de Bilbao",
              "pictureLogo": Object {
                "base64String": null,
                "bytes": null,
                "containerReference": "mycontainer",
                "fileName": "749.jpg",
                "id": 0,
                "url": "https://pititest.blob.core.windows.net/mycontainer/749.jpg",
              },
              "playerList": null,
              "stadium": null,
            },
            "matchId": 768,
            "stadium": Object {
              "address": null,
              "capacity": 0,
              "id": 1,
              "name": "Estadio de Riazor",
            },
            "visitorTeam": Object {
              "city": null,
              "id": 16,
              "name": "Sevilla C.F",
              "pictureLogo": Object {
                "base64String": null,
                "bytes": null,
                "containerReference": "mycontainer",
                "fileName": "ce743178-43a7-47a0-b192-94caf6216695-test.png",
                "id": 0,
                "url": "https://pititest.blob.core.windows.net/mycontainer/ce743178-43a7-47a0-b192-94caf6216695-test.png",
              },
              "playerList": null,
              "stadium": null,
            },
          },
        ],
        "eightRight": Array [
          Object {
            "date": "2009-05-18T00:00:00",
            "goalsLocal": 3,
            "goalsVisitor": 0,
            "localTeam": Object {
              "city": null,
              "id": 5,
              "name": "Villarreal",
              "pictureLogo": Object {
                "base64String": null,
                "bytes": null,
                "containerReference": "mycontainer",
                "fileName": "987.jpg",
                "id": 0,
                "url": "https://pititest.blob.core.windows.net/mycontainer/987.jpg",
              },
              "playerList": null,
              "stadium": null,
            },
            "matchId": 765,
            "stadium": Object {
              "address": null,
              "capacity": 0,
              "id": 1,
              "name": "Estadio de Riazor",
            },
            "visitorTeam": Object {
              "city": null,
              "id": 13,
              "name": "Racing de Santander",
              "pictureLogo": Object {
                "base64String": null,
                "bytes": null,
                "containerReference": "mycontainer",
                "fileName": "b3ab87b1-5d7a-4c52-a7c7-71f33c90f3c9-1473.jpg",
                "id": 0,
                "url": "https://pititest.blob.core.windows.net/mycontainer/b3ab87b1-5d7a-4c52-a7c7-71f33c90f3c9-1473.jpg",
              },
              "playerList": null,
              "stadium": null,
            },
          },
          Object {
            "date": "2009-10-22T00:00:00",
            "goalsLocal": 1,
            "goalsVisitor": 1,
            "localTeam": Object {
              "city": null,
              "id": 1,
              "name": "R.C Deportivo",
              "pictureLogo": Object {
                "base64String": null,
                "bytes": null,
                "containerReference": "mycontainer",
                "fileName": "f20b9256-8fb6-4d62-a177-286fc2e18e69-test.png",
                "id": 0,
                "url": "https://pititest.blob.core.windows.net/mycontainer/f20b9256-8fb6-4d62-a177-286fc2e18e69-test.png",
              },
              "playerList": null,
              "stadium": null,
            },
            "matchId": 761,
            "stadium": Object {
              "address": null,
              "capacity": 0,
              "id": 1,
              "name": "Estadio de Riazor",
            },
            "visitorTeam": Object {
              "city": null,
              "id": 12,
              "name": "Numancia",
              "pictureLogo": Object {
                "base64String": null,
                "bytes": null,
                "containerReference": "mycontainer",
                "fileName": "1952.jpg",
                "id": 0,
                "url": "https://pititest.blob.core.windows.net/mycontainer/1952.jpg",
              },
              "playerList": null,
              "stadium": null,
            },
          },
          Object {
            "date": "2009-06-26T00:00:00",
            "goalsLocal": 0,
            "goalsVisitor": 3,
            "localTeam": Object {
              "city": null,
              "id": 2,
              "name": "F.C Barcelona",
              "pictureLogo": Object {
                "base64String": null,
                "bytes": null,
                "containerReference": "mycontainer",
                "fileName": "07f2de74-b684-421b-a508-9bde3496aeed-test.png",
                "id": 0,
                "url": "https://pititest.blob.core.windows.net/mycontainer/07f2de74-b684-421b-a508-9bde3496aeed-test.png",
              },
              "playerList": null,
              "stadium": null,
            },
            "matchId": 762,
            "stadium": Object {
              "address": null,
              "capacity": 0,
              "id": 1,
              "name": "Estadio de Riazor",
            },
            "visitorTeam": Object {
              "city": null,
              "id": 10,
              "name": "Valladolid",
              "pictureLogo": Object {
                "base64String": null,
                "bytes": null,
                "containerReference": "mycontainer",
                "fileName": "849.jpg",
                "id": 0,
                "url": "https://pititest.blob.core.windows.net/mycontainer/849.jpg",
              },
              "playerList": null,
              "stadium": null,
            },
          },
          Object {
            "date": "2009-07-09T00:00:00",
            "goalsLocal": 1,
            "goalsVisitor": 0,
            "localTeam": Object {
              "city": null,
              "id": 3,
              "name": "Real Madrid",
              "pictureLogo": Object {
                "base64String": null,
                "bytes": null,
                "containerReference": "mycontainer",
                "fileName": "b111ec0e-3c8a-41e2-82ae-d7a8c8834a4a-test.png",
                "id": 0,
                "url": "https://pititest.blob.core.windows.net/mycontainer/b111ec0e-3c8a-41e2-82ae-d7a8c8834a4a-test.png",
              },
              "playerList": null,
              "stadium": null,
            },
            "matchId": 763,
            "stadium": Object {
              "address": null,
              "capacity": 0,
              "id": 1,
              "name": "Estadio de Riazor",
            },
            "visitorTeam": Object {
              "city": null,
              "id": 15,
              "name": "Espanyol",
              "pictureLogo": Object {
                "base64String": null,
                "bytes": null,
                "containerReference": "mycontainer",
                "fileName": "afabcacb-9de5-483b-a1b3-e4b9702dac04-test.png",
                "id": 0,
                "url": "https://pititest.blob.core.windows.net/mycontainer/afabcacb-9de5-483b-a1b3-e4b9702dac04-test.png",
              },
              "playerList": null,
              "stadium": null,
            },
          },
        ],
        "final": Object {
          "date": "2009-05-20T00:00:00",
          "goalsLocal": 0,
          "goalsVisitor": 2,
          "localTeam": Object {
            "city": null,
            "id": 4,
            "name": "Valencia C.F",
            "pictureLogo": Object {
              "base64String": null,
              "bytes": null,
              "containerReference": "mycontainer",
              "fileName": "ab79f4b3-4d2d-4380-9596-2f7bd3f9012e-test.png",
              "id": 0,
              "url": "https://pititest.blob.core.windows.net/mycontainer/ab79f4b3-4d2d-4380-9596-2f7bd3f9012e-test.png",
            },
            "playerList": null,
            "stadium": null,
          },
          "matchId": 775,
          "stadium": Object {
            "address": null,
            "capacity": 0,
            "id": 1,
            "name": "Estadio de Riazor",
          },
          "visitorTeam": Object {
            "city": null,
            "id": 5,
            "name": "Villarreal",
            "pictureLogo": Object {
              "base64String": null,
              "bytes": null,
              "containerReference": "mycontainer",
              "fileName": "987.jpg",
              "id": 0,
              "url": "https://pititest.blob.core.windows.net/mycontainer/987.jpg",
            },
            "playerList": null,
            "stadium": null,
          },
        },
        "quarterFinalsLeft": Array [
          Object {
            "date": "2009-04-20T00:00:00",
            "goalsLocal": 0,
            "goalsVisitor": 2,
            "localTeam": Object {
              "city": null,
              "id": 4,
              "name": "Valencia C.F",
              "pictureLogo": Object {
                "base64String": null,
                "bytes": null,
                "containerReference": "mycontainer",
                "fileName": "ab79f4b3-4d2d-4380-9596-2f7bd3f9012e-test.png",
                "id": 0,
                "url": "https://pititest.blob.core.windows.net/mycontainer/ab79f4b3-4d2d-4380-9596-2f7bd3f9012e-test.png",
              },
              "playerList": null,
              "stadium": null,
            },
            "matchId": 770,
            "stadium": Object {
              "address": null,
              "capacity": 0,
              "id": 1,
              "name": "Estadio de Riazor",
            },
            "visitorTeam": Object {
              "city": null,
              "id": 14,
              "name": "Osasuna",
              "pictureLogo": Object {
                "base64String": null,
                "bytes": null,
                "containerReference": "mycontainer",
                "fileName": "46be640c-1bdc-4472-a6dc-ebfc5df9687a-211.jpg",
                "id": 0,
                "url": "https://pititest.blob.core.windows.net/mycontainer/46be640c-1bdc-4472-a6dc-ebfc5df9687a-211.jpg",
              },
              "playerList": null,
              "stadium": null,
            },
          },
          Object {
            "date": "2009-04-23T00:00:00",
            "goalsLocal": 2,
            "goalsVisitor": 2,
            "localTeam": Object {
              "city": null,
              "id": 6,
              "name": "Atlético de Madrid",
              "pictureLogo": Object {
                "base64String": null,
                "bytes": null,
                "containerReference": "mycontainer",
                "fileName": "2cd85554-3d56-4ade-824f-d6718dd0a057-test.png",
                "id": 0,
                "url": "https://pititest.blob.core.windows.net/mycontainer/2cd85554-3d56-4ade-824f-d6718dd0a057-test.png",
              },
              "playerList": null,
              "stadium": null,
            },
            "matchId": 772,
            "stadium": Object {
              "address": null,
              "capacity": 0,
              "id": 1,
              "name": "Estadio de Riazor",
            },
            "visitorTeam": Object {
              "city": null,
              "id": 16,
              "name": "Sevilla C.F",
              "pictureLogo": Object {
                "base64String": null,
                "bytes": null,
                "containerReference": "mycontainer",
                "fileName": "ce743178-43a7-47a0-b192-94caf6216695-test.png",
                "id": 0,
                "url": "https://pititest.blob.core.windows.net/mycontainer/ce743178-43a7-47a0-b192-94caf6216695-test.png",
              },
              "playerList": null,
              "stadium": null,
            },
          },
        ],
        "quarterFinalsRight": Array [
          Object {
            "date": "2009-03-12T00:00:00",
            "goalsLocal": 2,
            "goalsVisitor": 1,
            "localTeam": Object {
              "city": null,
              "id": 5,
              "name": "Villarreal",
              "pictureLogo": Object {
                "base64String": null,
                "bytes": null,
                "containerReference": "mycontainer",
                "fileName": "987.jpg",
                "id": 0,
                "url": "https://pititest.blob.core.windows.net/mycontainer/987.jpg",
              },
              "playerList": null,
              "stadium": null,
            },
            "matchId": 771,
            "stadium": Object {
              "address": null,
              "capacity": 0,
              "id": 1,
              "name": "Estadio de Riazor",
            },
            "visitorTeam": Object {
              "city": null,
              "id": 12,
              "name": "Numancia",
              "pictureLogo": Object {
                "base64String": null,
                "bytes": null,
                "containerReference": "mycontainer",
                "fileName": "1952.jpg",
                "id": 0,
                "url": "https://pititest.blob.core.windows.net/mycontainer/1952.jpg",
              },
              "playerList": null,
              "stadium": null,
            },
          },
          Object {
            "date": "2009-08-11T00:00:00",
            "goalsLocal": 1,
            "goalsVisitor": 1,
            "localTeam": Object {
              "city": null,
              "id": 2,
              "name": "F.C Barcelona",
              "pictureLogo": Object {
                "base64String": null,
                "bytes": null,
                "containerReference": "mycontainer",
                "fileName": "07f2de74-b684-421b-a508-9bde3496aeed-test.png",
                "id": 0,
                "url": "https://pititest.blob.core.windows.net/mycontainer/07f2de74-b684-421b-a508-9bde3496aeed-test.png",
              },
              "playerList": null,
              "stadium": null,
            },
            "matchId": 769,
            "stadium": Object {
              "address": null,
              "capacity": 0,
              "id": 1,
              "name": "Estadio de Riazor",
            },
            "visitorTeam": Object {
              "city": null,
              "id": 15,
              "name": "Espanyol",
              "pictureLogo": Object {
                "base64String": null,
                "bytes": null,
                "containerReference": "mycontainer",
                "fileName": "afabcacb-9de5-483b-a1b3-e4b9702dac04-test.png",
                "id": 0,
                "url": "https://pititest.blob.core.windows.net/mycontainer/afabcacb-9de5-483b-a1b3-e4b9702dac04-test.png",
              },
              "playerList": null,
              "stadium": null,
            },
          },
        ],
        "semifinalsLeft": Object {
          "date": "2009-08-13T00:00:00",
          "goalsLocal": 3,
          "goalsVisitor": 3,
          "localTeam": Object {
            "city": null,
            "id": 4,
            "name": "Valencia C.F",
            "pictureLogo": Object {
              "base64String": null,
              "bytes": null,
              "containerReference": "mycontainer",
              "fileName": "ab79f4b3-4d2d-4380-9596-2f7bd3f9012e-test.png",
              "id": 0,
              "url": "https://pititest.blob.core.windows.net/mycontainer/ab79f4b3-4d2d-4380-9596-2f7bd3f9012e-test.png",
            },
            "playerList": null,
            "stadium": null,
          },
          "matchId": 773,
          "stadium": Object {
            "address": null,
            "capacity": 0,
            "id": 1,
            "name": "Estadio de Riazor",
          },
          "visitorTeam": Object {
            "city": null,
            "id": 6,
            "name": "Atlético de Madrid",
            "pictureLogo": Object {
              "base64String": null,
              "bytes": null,
              "containerReference": "mycontainer",
              "fileName": "2cd85554-3d56-4ade-824f-d6718dd0a057-test.png",
              "id": 0,
              "url": "https://pititest.blob.core.windows.net/mycontainer/2cd85554-3d56-4ade-824f-d6718dd0a057-test.png",
            },
            "playerList": null,
            "stadium": null,
          },
        },
        "semifinalsRight": Object {
          "date": "2009-02-24T00:00:00",
          "goalsLocal": 0,
          "goalsVisitor": 2,
          "localTeam": Object {
            "city": null,
            "id": 5,
            "name": "Villarreal",
            "pictureLogo": Object {
              "base64String": null,
              "bytes": null,
              "containerReference": "mycontainer",
              "fileName": "987.jpg",
              "id": 0,
              "url": "https://pititest.blob.core.windows.net/mycontainer/987.jpg",
            },
            "playerList": null,
            "stadium": null,
          },
          "matchId": 774,
          "stadium": Object {
            "address": null,
            "capacity": 0,
            "id": 1,
            "name": "Estadio de Riazor",
          },
          "visitorTeam": Object {
            "city": null,
            "id": 15,
            "name": "Espanyol",
            "pictureLogo": Object {
              "base64String": null,
              "bytes": null,
              "containerReference": "mycontainer",
              "fileName": "afabcacb-9de5-483b-a1b3-e4b9702dac04-test.png",
              "id": 0,
              "url": "https://pititest.blob.core.windows.net/mycontainer/afabcacb-9de5-483b-a1b3-e4b9702dac04-test.png",
            },
            "playerList": null,
            "stadium": null,
          },
        },
      }
    }
    loadDrawData={[Function]}
    store={
      Object {
        "clearActions": [Function],
        "dispatch": [Function],
        "getActions": [Function],
        "getState": [Function],
        "replaceReducer": [Function],
        "subscribe": [Function],
      }
    }
  />
</ContextProvider>
`;
