// Jest Snapshot v1, https://goo.gl/fbAQLP

exports[`<SDGDG /> with all data should render correctly 1`] = `
<div>
  <div
    className="CompetitionDetails"
  >
    <div
      className="row"
    >
      <div
        className="col-sm-3"
      >
        <WithStyles(ListItemComposition)
          itemList={
            Array [
              Object {
                "name": "Summary",
                "url": "//overview",
              },
              Object {
                "name": "Rounds",
                "url": "//competition-rounds",
              },
              Object {
                "name": "Statistics",
                "url": "//competition-statistics",
              },
            ]
          }
        >
          <div
            className="margin-bottom-medium"
          >
            <img
              className="roundedImage"
              height="50"
              src="super"
              width="50"
            />
            <span>
              undefined
            </span>
          </div>
        </WithStyles(ListItemComposition)>
      </div>
      <div
        className="col-sm-9"
      >
        <Route
          exact={true}
          path="//"
          render={[Function]}
        />
        <Route
          path="//competition-rounds/match/:id"
        />
        <Route
          path="//overview"
          render={[Function]}
        />
        <Route
          component={[Function]}
          exact={true}
          path="//competition-rounds"
        />
        <Route
          exact={true}
          path="//competition-statistics"
          render={[Function]}
        />
      </div>
    </div>
  </div>
</div>
`;
