// Jest Snapshot v1, https://goo.gl/fbAQLP

exports[`MatchPlayerSingle renders correctly a player component with the right data 1`] = `
<DocumentFragment>
  <div
    class="row match-player-single"
  >
    <div
      class="col-sm-1"
    >
      9
    </div>
    <div
      class="col-sm-5"
      data-testid="playerNameSurname"
    >
      test name test surname
    </div>
    <div
      class="col-sm-1"
    >
      <span>
        <span
          class="glyphicon glyphicon-arrow-left"
        />
        <span>
          9
        </span>
      </span>
      <span>
        <span
          class="glyphicon glyphicon-arrow-right"
        />
        <span>
          19
        </span>
      </span>
    </div>
    <div
      class="col-sm-2"
    >
      <div>
        <img
          alt=""
          height="20"
          src="/assets/img/yellow_card-512.png"
          width="20"
        />
        <label
          class="small"
        >
          10
        </label>
      </div>
    </div>
    <div
      class="col-sm-2"
    >
      <span>
        <img
          alt=""
          height="20"
          src="/assets/img/ball.png"
          width="20"
        />
        <label
          class="small"
        >
          76
        </label>
      </span>
    </div>
  </div>
</DocumentFragment>
`;
